============================= test session starts =============================
platform win32 -- Python 3.12.4, pytest-9.0.3, pluggy-1.6.0 -- C:\Python312\python.exe
cachedir: .pytest_cache
rootdir: C:\Users\mabot\Documents\5' year\Software Engineering\Assignment 3
configfile: pyproject.toml
plugins: langsmith-0.4.14, anyio-3.7.1
collecting ... collected 99 items

tests/test_abstract_factory.py::test_windows_factory_returns_windows_button PASSED [  1%]
tests/test_abstract_factory.py::test_macos_factory_returns_macos_button PASSED [  2%]
tests/test_builder.py::test_pizza_builder_sets_attributes PASSED         [  3%]
tests/test_builder.py::test_pizza_builder_rejects_empty_configuration PASSED [  4%]
tests/test_domain_entities.py::test_user_account_locks_after_three_failures PASSED [  5%]
tests/test_domain_entities.py::test_application_can_submit_guard PASSED  [  6%]
tests/test_domain_entities.py::test_university_programme_publish_deadline_rule PASSED [  7%]
tests/test_domain_entities.py::test_mark_aps_points PASSED               [  8%]
tests/test_factory_method.py::test_credit_card_processor_creates_payment_result PASSED [  9%]
tests/test_factory_method.py::test_paypal_processor_initialization_path PASSED [ 10%]
tests/test_prototype.py::test_shape_prototype_clones_circle PASSED       [ 11%]
tests/test_prototype.py::test_shape_cache_returns_independent_clones PASSED [ 12%]
tests/test_simple_factory.py::test_vehicle_factory_returns_correct_types PASSED [ 13%]
tests/test_simple_factory.py::test_vehicle_factory_accepts_string_aliases PASSED [ 14%]
tests/test_simple_factory.py::test_vehicle_factory_invalid PASSED        [ 15%]
tests/test_singleton.py::test_database_connection_singleton_same_instance PASSED [ 16%]
tests/test_singleton.py::test_direct_constructor_always_raises PASSED    [ 17%]
tests/test_singleton.py::test_direct_instantiation_after_singleton_raises PASSED [ 18%]
tests/test_singleton.py::test_singleton_thread_safety PASSED             [ 19%]
ASSIGNMENT_11/tests/test_application_services.py::TestApplicationServiceDI::test_accepts_in_memory_repository PASSED [ 20%]
ASSIGNMENT_11/tests/test_application_services.py::TestApplicationServiceDI::test_factory_created_repo_injected_into_service PASSED [ 21%]
ASSIGNMENT_11/tests/test_application_services.py::TestUserAccountServiceDI::test_delegates_to_repository PASSED [ 22%]
ASSIGNMENT_11/tests/test_repositories.py::TestInMemoryUserAccountRepository::test_save_and_find_by_id PASSED [ 23%]
ASSIGNMENT_11/tests/test_repositories.py::TestInMemoryUserAccountRepository::test_find_by_id_returns_none_when_missing PASSED [ 24%]
ASSIGNMENT_11/tests/test_repositories.py::TestInMemoryUserAccountRepository::test_find_all_returns_all_saved PASSED [ 25%]
ASSIGNMENT_11/tests/test_repositories.py::TestInMemoryUserAccountRepository::test_find_all_empty_store PASSED [ 26%]
ASSIGNMENT_11/tests/test_repositories.py::TestInMemoryUserAccountRepository::test_save_overwrites_existing_entity PASSED [ 27%]
ASSIGNMENT_11/tests/test_repositories.py::TestInMemoryUserAccountRepository::test_delete_removes_entity PASSED [ 28%]
ASSIGNMENT_11/tests/test_repositories.py::TestInMemoryUserAccountRepository::test_delete_nonexistent_is_idempotent PASSED [ 29%]
ASSIGNMENT_11/tests/test_repositories.py::TestInMemoryUserAccountRepository::test_find_by_email PASSED [ 30%]
ASSIGNMENT_11/tests/test_repositories.py::TestInMemoryUserAccountRepository::test_find_by_email_not_found PASSED [ 31%]
ASSIGNMENT_11/tests/test_repositories.py::TestInMemoryUserAccountRepository::test_find_by_role_filters_correctly PASSED [ 32%]
ASSIGNMENT_11/tests/test_repositories.py::TestInMemoryUserAccountRepository::test_find_by_role_returns_empty_when_no_match PASSED [ 33%]
ASSIGNMENT_11/tests/test_repositories.py::TestInMemoryLearnerProfileRepository::test_save_and_find_by_id PASSED [ 34%]
ASSIGNMENT_11/tests/test_repositories.py::TestInMemoryLearnerProfileRepository::test_find_by_id_missing PASSED [ 35%]
ASSIGNMENT_11/tests/test_repositories.py::TestInMemoryLearnerProfileRepository::test_find_all PASSED [ 36%]
ASSIGNMENT_11/tests/test_repositories.py::TestInMemoryLearnerProfileRepository::test_delete PASSED [ 37%]
ASSIGNMENT_11/tests/test_repositories.py::TestInMemoryLearnerProfileRepository::test_delete_nonexistent_does_not_raise PASSED [ 38%]
ASSIGNMENT_11/tests/test_repositories.py::TestInMemoryLearnerProfileRepository::test_find_by_counselor PASSED [ 39%]
ASSIGNMENT_11/tests/test_repositories.py::TestInMemoryLearnerProfileRepository::test_find_by_school PASSED [ 40%]
ASSIGNMENT_11/tests/test_repositories.py::TestInMemoryUniversityProgrammeRepository::test_save_and_retrieve PASSED [ 41%]
ASSIGNMENT_11/tests/test_repositories.py::TestInMemoryUniversityProgrammeRepository::test_find_by_id_missing PASSED [ 42%]
ASSIGNMENT_11/tests/test_repositories.py::TestInMemoryUniversityProgrammeRepository::test_find_all PASSED [ 43%]
ASSIGNMENT_11/tests/test_repositories.py::TestInMemoryUniversityProgrammeRepository::test_delete PASSED [ 44%]
ASSIGNMENT_11/tests/test_repositories.py::TestInMemoryUniversityProgrammeRepository::test_delete_nonexistent_is_safe PASSED [ 45%]
ASSIGNMENT_11/tests/test_repositories.py::TestInMemoryUniversityProgrammeRepository::test_find_by_university PASSED [ 46%]
ASSIGNMENT_11/tests/test_repositories.py::TestInMemoryUniversityProgrammeRepository::test_find_published_filters_status PASSED [ 47%]
ASSIGNMENT_11/tests/test_repositories.py::TestInMemoryUniversityProgrammeRepository::test_find_published_returns_empty_when_none PASSED [ 48%]
ASSIGNMENT_11/tests/test_repositories.py::TestInMemoryApplicationRepository::test_save_and_find_by_id PASSED [ 49%]
ASSIGNMENT_11/tests/test_repositories.py::TestInMemoryApplicationRepository::test_find_by_id_missing PASSED [ 50%]
ASSIGNMENT_11/tests/test_repositories.py::TestInMemoryApplicationRepository::test_find_all PASSED [ 51%]
ASSIGNMENT_11/tests/test_repositories.py::TestInMemoryApplicationRepository::test_delete PASSED [ 52%]
ASSIGNMENT_11/tests/test_repositories.py::TestInMemoryApplicationRepository::test_delete_nonexistent_is_safe PASSED [ 53%]
ASSIGNMENT_11/tests/test_repositories.py::TestInMemoryApplicationRepository::test_find_by_learner PASSED [ 54%]
ASSIGNMENT_11/tests/test_repositories.py::TestInMemoryApplicationRepository::test_find_by_programme PASSED [ 55%]
ASSIGNMENT_11/tests/test_repositories.py::TestInMemoryApplicationRepository::test_find_by_status PASSED [ 56%]
ASSIGNMENT_11/tests/test_repositories.py::TestInMemoryApplicationRepository::test_save_updates_existing PASSED [ 57%]
ASSIGNMENT_11/tests/test_repositories.py::TestInMemoryDocumentRepository::test_save_and_find_by_id PASSED [ 58%]
ASSIGNMENT_11/tests/test_repositories.py::TestInMemoryDocumentRepository::test_find_by_id_missing PASSED [ 59%]
ASSIGNMENT_11/tests/test_repositories.py::TestInMemoryDocumentRepository::test_find_all PASSED [ 60%]
ASSIGNMENT_11/tests/test_repositories.py::TestInMemoryDocumentRepository::test_delete PASSED [ 61%]
ASSIGNMENT_11/tests/test_repositories.py::TestInMemoryDocumentRepository::test_find_by_learner PASSED [ 62%]
ASSIGNMENT_11/tests/test_repositories.py::TestInMemoryDocumentRepository::test_find_by_application PASSED [ 63%]
ASSIGNMENT_11/tests/test_repositories.py::TestInMemoryDocumentRepository::test_find_by_application_returns_empty_for_null_app_id PASSED [ 64%]
ASSIGNMENT_11/tests/test_repositories.py::TestInMemoryMarkRepository::test_save_and_find_by_id PASSED [ 65%]
ASSIGNMENT_11/tests/test_repositories.py::TestInMemoryMarkRepository::test_find_by_id_missing PASSED [ 66%]
ASSIGNMENT_11/tests/test_repositories.py::TestInMemoryMarkRepository::test_find_all PASSED [ 67%]
ASSIGNMENT_11/tests/test_repositories.py::TestInMemoryMarkRepository::test_delete PASSED [ 68%]
ASSIGNMENT_11/tests/test_repositories.py::TestInMemoryMarkRepository::test_find_by_learner PASSED [ 69%]
ASSIGNMENT_11/tests/test_repositories.py::TestInMemoryMarkRepository::test_multiple_marks_same_learner PASSED [ 70%]
ASSIGNMENT_11/tests/test_repositories.py::TestInMemoryPaymentTransactionRepository::test_save_and_find_by_id PASSED [ 71%]
ASSIGNMENT_11/tests/test_repositories.py::TestInMemoryPaymentTransactionRepository::test_find_all PASSED [ 72%]
ASSIGNMENT_11/tests/test_repositories.py::TestInMemoryPaymentTransactionRepository::test_delete PASSED [ 73%]
ASSIGNMENT_11/tests/test_repositories.py::TestInMemoryPaymentTransactionRepository::test_find_by_application PASSED [ 74%]
ASSIGNMENT_11/tests/test_repositories.py::TestInMemoryNotificationRepository::test_save_and_find_by_id PASSED [ 75%]
ASSIGNMENT_11/tests/test_repositories.py::TestInMemoryNotificationRepository::test_find_all PASSED [ 76%]
ASSIGNMENT_11/tests/test_repositories.py::TestInMemoryNotificationRepository::test_delete PASSED [ 77%]
ASSIGNMENT_11/tests/test_repositories.py::TestInMemoryNotificationRepository::test_find_by_recipient PASSED [ 78%]
ASSIGNMENT_11/tests/test_repositories.py::TestInMemoryNotificationRepository::test_find_unread_excludes_read_and_failed PASSED [ 79%]
ASSIGNMENT_11/tests/test_repositories.py::TestInMemoryNotificationRepository::test_find_unread_returns_empty_when_all_read PASSED [ 80%]
ASSIGNMENT_11/tests/test_repositories.py::TestInMemoryAuditLogRepository::test_save_and_find_by_id PASSED [ 81%]
ASSIGNMENT_11/tests/test_repositories.py::TestInMemoryAuditLogRepository::test_find_all PASSED [ 82%]
ASSIGNMENT_11/tests/test_repositories.py::TestInMemoryAuditLogRepository::test_delete PASSED [ 83%]
ASSIGNMENT_11/tests/test_repositories.py::TestInMemoryAuditLogRepository::test_find_by_actor PASSED [ 84%]
ASSIGNMENT_11/tests/test_repositories.py::TestInMemoryAuditLogRepository::test_find_by_target PASSED [ 85%]
ASSIGNMENT_11/tests/test_repositories.py::TestRepositoryFactory::test_create_user_repo_returns_in_memory PASSED [ 86%]
ASSIGNMENT_11/tests/test_repositories.py::TestRepositoryFactory::test_create_learner_profile_repo_returns_in_memory PASSED [ 87%]
ASSIGNMENT_11/tests/test_repositories.py::TestRepositoryFactory::test_create_programme_repo_returns_in_memory PASSED [ 88%]
ASSIGNMENT_11/tests/test_repositories.py::TestRepositoryFactory::test_create_application_repo_returns_in_memory PASSED [ 89%]
ASSIGNMENT_11/tests/test_repositories.py::TestRepositoryFactory::test_create_document_repo_returns_in_memory PASSED [ 90%]
ASSIGNMENT_11/tests/test_repositories.py::TestRepositoryFactory::test_create_mark_repo_returns_in_memory PASSED [ 91%]
ASSIGNMENT_11/tests/test_repositories.py::TestRepositoryFactory::test_create_payment_repo_returns_in_memory PASSED [ 92%]
ASSIGNMENT_11/tests/test_repositories.py::TestRepositoryFactory::test_create_notification_repo_returns_in_memory PASSED [ 93%]
ASSIGNMENT_11/tests/test_repositories.py::TestRepositoryFactory::test_create_audit_log_repo_returns_in_memory PASSED [ 94%]
ASSIGNMENT_11/tests/test_repositories.py::TestRepositoryFactory::test_unknown_storage_type_raises_value_error PASSED [ 95%]
ASSIGNMENT_11/tests/test_repositories.py::TestRepositoryFactory::test_unknown_storage_type_for_application_repo PASSED [ 96%]
ASSIGNMENT_11/tests/test_repositories.py::TestRepositoryFactory::test_two_memory_repos_are_independent_instances PASSED [ 97%]
ASSIGNMENT_11/tests/test_repositories.py::TestRepositoryFactory::test_default_storage_type_is_memory PASSED [ 98%]
ASSIGNMENT_11/tests/test_repositories.py::TestRepositoryFactory::test_factory_repos_satisfy_interface_contract PASSED [100%]

============================== warnings summary ===============================
tests/test_domain_entities.py: 14 warnings
ASSIGNMENT_11/tests/test_application_services.py: 6 warnings
ASSIGNMENT_11/tests/test_repositories.py: 123 warnings
  C:\Users\mabot\Documents\5' year\Software Engineering\Assignment 3\ASSIGNMENT_11\unimatch\entities.py:21: DeprecationWarning: datetime.datetime.utcnow() is deprecated and scheduled for removal in a future version. Use timezone-aware objects to represent datetimes in UTC: datetime.datetime.now(datetime.UTC).
    return datetime.utcnow()

-- Docs: https://docs.pytest.org/en/stable/how-to/capture-warnings.html
====================== 99 passed, 143 warnings in 0.21s =======================
